    def _svg_score_badge(score: "Optional[int]", size=48) -> str:
        """Returns complex SVG string for right panel profile picture style."""
        s = score
        if s is None:
            return f'''<svg width="{size}" height="{size}" viewBox="0 0 48 48" xmlns="http://www.w3.org/2000/svg" style="display:block;cursor:pointer;opacity:0.9;transition:all 0.2s cubic-bezier(0.34, 1.56, 0.64, 1);flex-shrink:0" onmouseover="this.style.transform='scale(1.1) rotate(2deg)'" onmouseout="this.style.transform='scale(1) rotate(0)'"><circle cx="24" cy="24" r="22" fill="#1f2937" stroke="#374151" stroke-width="1"/><text x="24" y="24" fill="#9ca3af" font-size="10" font-family="sans-serif" font-weight="600" text-anchor="middle" dominant-baseline="central">N/A</text></svg>'''
        s = max(0, min(100, int(s)))

        # Determine colors and shapes
        glow_opacity = "0.6"
        if s >= 96:
            c1, c2, border, text_col = "#1e1b4b", "#06b6d4", "#a5f3fc", "#ffffff"
            shape = "diamond"
            glow = "#3b82f6"
        elif s >= 94:
            c1, c2, border, text_col = "#4c0519", "#e11d48", "#fb7185", "#fff0f3"
            shape = "gem"
            glow = "#be123c"
        elif s >= 90:
            c1, c2, border, text_col = "#172554", "#3b82f6", "#60a5fa", "#eff6ff"
            shape = "gem"
            glow = "#2563eb"
        elif s >= 86:
            c1, c2, border, text_col = "#2e1065", "#7e22ce", "#c084fc", "#faf5ff"
            shape = "gem"
            glow = "#9333ea"
        elif s >= 81:
            c1, c2, border, text_col = "#022c22", "#10b981", "#34d399", "#ecfdf5"
            shape = "gem"
            glow = "#059669"
        elif s >= 76:
            c1, c2, border, text_col = "#78350f", "#f59e0b", "#fde68a", "#ffffff"
            shape = "medal"
            glow = "#d97706"
        elif s >= 71:
            c1, c2, border, text_col = "#451a03", "#d97706", "#fef3c7", "#ffffff"
            shape = "medal"
            glow = "#b45309"
        elif s >= 66:
            c1, c2, border, text_col = "#334155", "#94a3b8", "#f1f5f9", "#ffffff"
            shape = "medal"
            glow = "#64748b"
        elif s >= 61:
            c1, c2, border, text_col = "#083344", "#06b6d4", "#cffafe", "#ffffff"
            shape = "shield"
            glow = "#0e7490"
        elif s >= 56:
            c1, c2, border, text_col = "#1a2416", "#4a7c40", "#dcfce7", "#ffffff"
            shape = "shield"
            glow = "#166534"
        elif s >= 50:
            c1, c2, border, text_col = "#3b0000", "#b91c1c", "#fee2e2", "#ffffff"
            shape = "shield"
            glow = "#991b1b"
        elif s >= 40:
            t = (s - 40) / 9.0
            r2, g2, b2 = (180 + int(t * 30), 100 + int(t * 20), 10 + int(t * 20))
            hex_c = f"#{r2:02x}{g2:02x}{b2:02x}"
            c1, c2, border, text_col = "#09090b", "#27272a", hex_c, "#ffffff"
            shape = "shield"
            glow = "#27272a"
        else:
            rt, gt, bt = _lerp_rgb(s)
            c1 = f"rgba({rt//6},{gt//6},{bt//6},1)"
            c2 = f"rgba({rt//2},{gt//2},{bt//2},1)"
            border = f"rgba({rt},{gt},{bt},0.8)"
            text_col = f"rgba({rt},{gt},{bt},1)"
            shape = "pill"
            glow = f"rgba({rt},{gt},{bt},1)"
            glow_opacity = "0.3"

        rId = f"grad_sq_{s}"
        
        layers = ""
        txt_y = "25"
        font_size = "15"
        
        if shape == "diamond":
            d_path = "M 24,2 L 46,20 L 24,46 L 2,20 Z"
            txt_y = "23"
            font_size = "14"
            layers = f'''
                <path d="{d_path}" fill="url(#{rId})" stroke="{border}" stroke-width="1.5" filter="url(#shadow)" />
                <path d="M 24,4 L 42,19 L 24,43 L 6,19 Z" fill="none" stroke="#ffffff" stroke-width="1.5" opacity="0.4" />
                <path d="M 24,2 L 34,20 L 24,46 L 14,20 Z" fill="none" stroke="#ffffff" stroke-width="1" opacity="0.4" />
                <path d="M 2,20 L 46,20" stroke="#ffffff" stroke-width="1" opacity="0.4"/>
                <polygon points="24,2 14,20 24,4" fill="#ffffff" opacity="0.4" />
                <polygon points="24,2 2,20 14,20" fill="#ffffff" opacity="0.15" />
                <polygon points="24,20 34,20 24,46" fill="#000000" opacity="0.2" />
            '''
        elif shape == "gem":
            d_path = "M 14,2 L 34,2 L 46,14 L 46,34 L 34,46 L 14,46 L 2,34 L 2,14 Z"
            layers = f'''
                <path d="{d_path}" fill="url(#{rId})" stroke="{border}" stroke-width="1.5" filter="url(#shadow)" />
                <path d="M 15.5,4 L 32.5,4 L 44,15.5 L 44,32.5 L 32.5,44 L 15.5,44 L 4,32.5 L 4,15.5 Z" fill="none" stroke="#ffffff" stroke-width="1.5" opacity="0.4" />
                <polygon points="14,2 34,2 24,18" fill="#ffffff" opacity="0.3" />
                <polygon points="2,14 14,2 24,18 12,24" fill="#ffffff" opacity="0.15" />
                <path d="M 24,18 L 46,14 M 24,18 L 46,34 M 24,18 L 34,46 M 24,18 L 14,46 M 24,18 L 2,34 M 24,18 L 2,14 M 24,18 L 14,2 M 24,18 L 34,2" stroke="#ffffff" stroke-width="0.75" opacity="0.35"/>
                <polygon points="24,18 46,34 34,46" fill="#000000" opacity="0.2" />
            '''
        elif shape == "medal":
            layers = f'''
                <circle cx="24" cy="24" r="22" fill="url(#{rId})" stroke="{border}" stroke-width="2" filter="url(#shadow)" />
                <circle cx="24" cy="24" r="18" fill="none" stroke="{border}" stroke-width="2" opacity="0.8" stroke-dasharray="2,2" />
                <circle cx="24" cy="24" r="14" fill="none" stroke="#ffffff" stroke-width="1.5" opacity="0.4" />
                <circle cx="24" cy="24" r="22" fill="none" stroke="#ffffff" stroke-width="1" opacity="0.4" />
                <path d="M 6,10 Q 24,-2 42,10" fill="none" stroke="#ffffff" stroke-width="5" opacity="0.2" filter="blur(1px)"/>
                <path d="M 12,38 Q 24,46 36,38" fill="none" stroke="#000000" stroke-width="4" opacity="0.3" filter="blur(1px)"/>
            '''
        elif shape == "shield":
            d_path = "M 4,4 L 44,4 L 44,22 C 44,36 24,46 24,46 C 24,46 4,36 4,22 Z"
            txt_y = "24"
            layers = f'''
                <path d="{d_path}" fill="url(#{rId})" stroke="{border}" stroke-width="2" filter="url(#shadow)" />
                <path d="M 8,7 L 40,7 L 40,21 C 40,32 24,41 24,41 C 24,41 8,32 8,21 Z" fill="none" stroke="#ffffff" stroke-width="1.5" opacity="0.4" />
                <path d="M 4,4 L 24,18 L 44,4" fill="none" stroke="#ffffff" stroke-width="1.5" opacity="0.4"/>
                <rect x="10" y="6" width="28" height="6" fill="#ffffff" opacity="0.2" rx="2"/>
                <path d="M 16,0 L 20,24 L 42,14 L 24,46" fill="#ffffff" opacity="0.1" />
            '''
        else:
            d_path = "M 8,4 L 40,4 A 6,6 0 0 1 46,10 L 46,38 A 6,6 0 0 1 40,44 L 8,44 A 6,6 0 0 1 2,38 L 2,10 A 6,6 0 0 1 8,4 Z"
            layers = f'''
                <path d="{d_path}" fill="url(#{rId})" stroke="{border}" stroke-width="2" filter="url(#shadow)" />
                <path d="M 10,6.5 L 38,6.5 A 3.5,3.5 0 0 1 43.5,10 L 43.5,38 A 3.5,3.5 0 0 1 38,41.5 L 10,41.5 A 3.5,3.5 0 0 1 4.5,38 L 4.5,10 A 3.5,3.5 0 0 1 10,6.5 Z" fill="none" stroke="#ffffff" stroke-width="1.5" opacity="0.3" />
                <rect x="4" y="4" width="40" height="20" fill="#ffffff" opacity="0.1" rx="4"/>
                <path d="M 6,12 L 42,12" stroke="#ffffff" stroke-width="1" opacity="0.3"/>
            '''

        return f'''<svg width="{size}" height="{size}" viewBox="-4 -4 56 56" xmlns="http://www.w3.org/2000/svg" style="display:block;cursor:pointer;transition:transform 0.2s cubic-bezier(0.34, 1.56, 0.64, 1);flex-shrink:0" onmouseover="this.style.transform='scale(1.15) rotate(3deg)'" onmouseout="this.style.transform='scale(1) rotate(0deg)'">
    <defs>
        <linearGradient id="{rId}" x1="0%" y1="0%" x2="100%" y2="100%">
            <stop offset="0%" stop-color="{c1}" />
            <stop offset="40%" stop-color="{c1}" />
            <stop offset="100%" stop-color="{c2}" />
        </linearGradient>
        <filter id="shadow" x="-30%" y="-30%" width="160%" height="160%">
            <feDropShadow dx="0" dy="2" stdDeviation="3" flood-color="{glow}" flood-opacity="{glow_opacity}"/>
            <feDropShadow dx="0" dy="6" stdDeviation="4" flood-color="#000000" flood-opacity="0.6"/>
        </filter>
        <filter id="text-glow">
            <feDropShadow dx="0" dy="1" stdDeviation="1" flood-color="#000000" flood-opacity="0.8"/>
            <feDropShadow dx="0" dy="0" stdDeviation="3" flood-color="{glow}" flood-opacity="0.6"/>
        </filter>
    </defs>
    {layers}
    <!-- Top-left rim highlight for gloss -->
    <path d="M 12,6 A 16,16 0 0 1 20,4" fill="none" stroke="#ffffff" stroke-width="1.5" stroke-linecap="round" opacity="0.8" style="mix-blend-mode: overlay;"/>
    <text x="24" y="{txt_y}" fill="{text_col}" font-size="{font_size}" font-family="system-ui, -apple-system, sans-serif, 'Segoe UI Emoji'" font-weight="900" text-anchor="middle" dominant-baseline="central" alignment-baseline="middle" filter="url(#text-glow)" letter-spacing="0.5">{s}</text>
</svg>'''


